exports[`test changes the class when hovered 1`] = `<tr />`;
